// Jest Snapshot v1, https://goo.gl/fbAQLP

exports[`NoteDetail 1`] = `
<div
  className="container"
>
  <div
    className="row"
  >
    <div
      className="col"
    >
      <h5
        className="sc-bdfBwQ ceVbUX"
      >
        Note
         
      </h5>
    </div>
  </div>
  <div
    className="row"
  >
    <div
      className="col"
    >
      <div
        className="sc-eCssSg gIItej"
        onClick={[Function]}
      />
    </div>
  </div>
  <div
    className="row"
  >
    <div
      className="sc-jSgupP fipNLF col"
    >
      <a
        href="/notes"
        onClick={[Function]}
      >
        <button
          aria-label={null}
          className="btn btn-secondary btn-sm"
          onClick={[Function]}
        >
          Back
        </button>
      </a>
      <button
        aria-label={null}
        className="btn btn-danger btn-sm"
        onClick={[Function]}
        type="button"
      >
        Delete
      </button>
    </div>
  </div>
</div>
`;
