// Jest Snapshot v1, https://goo.gl/fbAQLP

exports[`Notes 1`] = `
<div
  className="container"
>
  <div
    className="sc-bdfBwQ gZMobo"
  >
    <button
      aria-label={null}
      className="sc-gsTCUz dOHhxu btn btn-secondary btn-sm"
      onClick={[Function]}
      type="button"
    >
      English
    </button>
    <button
      aria-label={null}
      className="sc-gsTCUz dOHhxu btn btn-secondary btn-sm"
      onClick={[Function]}
      type="button"
    >
      ÄŒesky
    </button>
  </div>
  <div
    className="row"
  >
    <div
      className="sc-dlfnbm lawOwT col"
    >
      <h4>
        Notes
      </h4>
      <a
        href="/notes/add"
        onClick={[Function]}
      >
        <button
          aria-label={null}
          className="btn btn-success btn-sm"
          onClick={[Function]}
        >
          Add note
        </button>
      </a>
    </div>
  </div>
  <div
    className="sc-eCssSg enUuWu"
  />
</div>
`;
